<html>
<body>
<pre>
<h1>µVision Build Log</h1>
<h2>Project:</h2>
C:\Users\MOHITH\Desktop\Arm CPPP\keil\uart ultra\LPC214x_HC-SR04_Interfacing.uvproj
Project File Date:  07/22/2023

<h2>Output:</h2>
Build target 'Target 1'
linking...
Program Size: Code=4728 RO-data=32 RW-data=12 ZI-data=1348  
FromELF: creating hex file...
".\Objects\ultasonic.axf" - 0 Error(s), 0 Warning(s).
</pre>
</body>
</html>
cts\ultasonic.axf" - 0 Error(s), 0 Warning(s).
8 RO-data=32 RW-data=12 ZI-data=1348  
FromELF: creating hex file...
".\Objects\ultasonic.axf" - 0 Error(s), 1 Warning(s).
